c:\users\cyran\source\repos\itchykite\roughlite\sdl3-roughlite\x64\debug\settings.obj
c:\users\cyran\source\repos\itchykite\roughlite\sdl3-roughlite\x64\debug\rangerover.obj
c:\users\cyran\source\repos\itchykite\roughlite\sdl3-roughlite\x64\debug\playereventhandling.obj
c:\users\cyran\source\repos\itchykite\roughlite\sdl3-roughlite\x64\debug\player.obj
c:\users\cyran\source\repos\itchykite\roughlite\sdl3-roughlite\x64\debug\otherfunctions.obj
c:\users\cyran\source\repos\itchykite\roughlite\sdl3-roughlite\x64\debug\openglfun.obj
c:\users\cyran\source\repos\itchykite\roughlite\sdl3-roughlite\x64\debug\map.obj
c:\users\cyran\source\repos\itchykite\roughlite\sdl3-roughlite\x64\debug\main.obj
c:\users\cyran\source\repos\itchykite\roughlite\sdl3-roughlite\x64\debug\init.obj
c:\users\cyran\source\repos\itchykite\roughlite\sdl3-roughlite\x64\debug\gamestate.obj
c:\users\cyran\source\repos\itchykite\roughlite\sdl3-roughlite\x64\debug\enemymanager.obj
c:\users\cyran\source\repos\itchykite\roughlite\sdl3-roughlite\x64\debug\enemy.obj
c:\users\cyran\source\repos\itchykite\roughlite\sdl3-roughlite\x64\debug\camera.obj
c:\users\cyran\source\repos\itchykite\roughlite\sdl3-roughlite\x64\debug\buttons.obj
c:\users\cyran\source\repos\itchykite\roughlite\sdl3-roughlite\x64\debug\vc143.pdb
c:\users\cyran\source\repos\itchykite\roughlite\sdl3-roughlite\x64\debug\vc143.idb
c:\users\cyran\source\repos\itchykite\roughlite\x64\debug\sdl3-roughlite.pdb
c:\users\cyran\source\repos\itchykite\roughlite\sdl3-roughlite\x64\debug\sdl3-roughlite.tlog\cl.command.1.tlog
c:\users\cyran\source\repos\itchykite\roughlite\sdl3-roughlite\x64\debug\sdl3-roughlite.tlog\cl.read.1.tlog
c:\users\cyran\source\repos\itchykite\roughlite\sdl3-roughlite\x64\debug\sdl3-roughlite.tlog\cl.write.1.tlog
c:\users\cyran\source\repos\itchykite\roughlite\sdl3-roughlite\x64\debug\sdl3-roughlite.tlog\link-cvtres.read.1.tlog
c:\users\cyran\source\repos\itchykite\roughlite\sdl3-roughlite\x64\debug\sdl3-roughlite.tlog\link-cvtres.write.1.tlog
c:\users\cyran\source\repos\itchykite\roughlite\sdl3-roughlite\x64\debug\sdl3-roughlite.tlog\link-rc.read.1.tlog
c:\users\cyran\source\repos\itchykite\roughlite\sdl3-roughlite\x64\debug\sdl3-roughlite.tlog\link-rc.write.1.tlog
c:\users\cyran\source\repos\itchykite\roughlite\sdl3-roughlite\x64\debug\sdl3-roughlite.tlog\link.command.1.tlog
c:\users\cyran\source\repos\itchykite\roughlite\sdl3-roughlite\x64\debug\sdl3-roughlite.tlog\link.read.1.tlog
c:\users\cyran\source\repos\itchykite\roughlite\sdl3-roughlite\x64\debug\sdl3-roughlite.tlog\link.read.3.tlog
c:\users\cyran\source\repos\itchykite\roughlite\sdl3-roughlite\x64\debug\sdl3-roughlite.tlog\link.write.1.tlog
